******************************************************************************
                  TI ARM Linker PC v16.9.0                     
******************************************************************************
>> Linked Sat Nov 24 20:10:01 2018

OUTPUT FILE NAME:   <GPIO_352project.out>
ENTRY POINT SYMBOL: "_c_int00"  address: 000005d9


MEMORY CONFIGURATION

         name            origin    length      used     unused   attr    fill
----------------------  --------  ---------  --------  --------  ----  --------
  FLASH                 00000000   00040000  00000744  0003f8bc  R  X
  SRAM                  20000000   00008000  00000218  00007de8  RW X


SEGMENT ALLOCATION MAP

run origin  load origin   length   init length attrs members
----------  ----------- ---------- ----------- ----- -------
00000000    00000000    00000744   00000744    r-x
  00000000    00000000    0000026c   0000026c    r-- .intvecs
  0000026c    0000026c    000004b4   000004b4    r-x .text
  00000720    00000720    00000024   00000024    r-- .cinit
20000000    20000000    00000218   00000000    rw-
  20000000    20000000    00000200   00000000    rw- .stack
  20000200    20000200    00000018   00000000    rw- .data


SECTION ALLOCATION MAP

 output                                  attributes/
section   page    origin      length       input sections
--------  ----  ----------  ----------   ----------------
.intvecs   0    00000000    0000026c     
                  00000000    0000026c     tm4c123gh6pm_startup_ccs.obj (.intvecs)

.text      0    0000026c    000004b4     
                  0000026c    000001f8     main.obj (.text)
                  00000464    0000009c     rtsv7M4_T_le_v4SPD16_eabi.lib : memcpy_t2.obj (.text)
                  00000500    00000070                                   : autoinit.obj (.text)
                  00000570    00000068                                   : copy_decompress_lzss.obj (.text:decompress:lzss)
                  000005d8    00000054                                   : boot.obj (.text)
                  0000062c    00000054                                   : exit.obj (.text)
                  00000680    0000004c                                   : cpy_tbl.obj (.text)
                  000006cc    00000018                                   : args_main.obj (.text)
                  000006e4    00000014                                   : _lock.obj (.text)
                  000006f8    0000000e                                   : copy_decompress_none.obj (.text:decompress:none)
                  00000706    0000000c     tm4c123gh6pm_startup_ccs.obj (.text)
                  00000712    00000006     driverlib.lib : gpio.obj (.text:GPIOPinWrite)
                  00000718    00000004     rtsv7M4_T_le_v4SPD16_eabi.lib : pre_init.obj (.text)
                  0000071c    00000002                                   : mpu_init.obj (.text)
                  0000071e    00000002                                   : startup.obj (.text)

.cinit     0    00000720    00000024     
                  00000720    00000011     (.cinit..data.load) [load image, compression = lzss]
                  00000731    00000003     --HOLE-- [fill = 0]
                  00000734    00000008     (__TI_handler_table)
                  0000073c    00000008     (__TI_cinit_table)

.init_array 
*          0    00000000    00000000     UNINITIALIZED

.stack     0    20000000    00000200     UNINITIALIZED
                  20000000    00000200     --HOLE--

.data      0    20000200    00000018     UNINITIALIZED
                  20000200    0000000c     rtsv7M4_T_le_v4SPD16_eabi.lib : exit.obj (.data:$O1$$)
                  2000020c    00000008                                   : _lock.obj (.data:$O1$$)
                  20000214    00000004                                   : stkdepth_vars.obj (.data)

MODULE SUMMARY

       Module                         code   ro data   rw data
       ------                         ----   -------   -------
    .\
       tm4c123gh6pm_startup_ccs.obj   12     620       0      
       main.obj                       504    0         0      
    +--+------------------------------+------+---------+---------+
       Total:                         516    620       0      
                                                              
    C:\TI\ccsv7\tools\compiler\ti-cgt-arm_16.9.0.LTS\lib\rtsv7M4_T_le_v4SPD16_eabi.lib
       memcpy_t2.obj                  156    0         0      
       autoinit.obj                   112    0         0      
       copy_decompress_lzss.obj       104    0         0      
       exit.obj                       84     0         12     
       boot.obj                       84     0         0      
       cpy_tbl.obj                    76     0         0      
       _lock.obj                      20     0         8      
       args_main.obj                  24     0         0      
       copy_decompress_none.obj       14     0         0      
       pre_init.obj                   4      0         0      
       stkdepth_vars.obj              0      0         4      
       mpu_init.obj                   2      0         0      
       startup.obj                    2      0         0      
    +--+------------------------------+------+---------+---------+
       Total:                         682    0         24     
                                                              
    U:/TivaWare_C_Series-2.1.4.178/driverlib/ccs/Debug/driverlib.lib
       gpio.obj                       6      0         0      
    +--+------------------------------+------+---------+---------+
       Total:                         6      0         0      
                                                              
       Stack:                         0      0         512    
       Linker Generated:              0      33        0      
    +--+------------------------------+------+---------+---------+
       Grand Total:                   1204   653       536    


LINKER GENERATED COPY TABLES

__TI_cinit_table @ 0000073c records: 1, size/record: 8, table size: 8
	.data: load addr=00000720, load size=00000011 bytes, run addr=20000200, run size=00000018 bytes, compression=lzss


LINKER GENERATED HANDLER TABLE

__TI_handler_table @ 00000734 records: 2, size/record: 4, table size: 8
	index: 0, handler: __TI_decompress_lzss
	index: 1, handler: __TI_decompress_none


GLOBAL SYMBOLS: SORTED ALPHABETICALLY BY Name 

address   name                           
-------   ----                           
0000062d  C$$EXIT                        
00000713  GPIOPinWrite                   
00000707  ResetISR                       
UNDEFED   SHT$$INIT_ARRAY$$Base          
UNDEFED   SHT$$INIT_ARRAY$$Limit         
20000200  __STACK_END                    
00000200  __STACK_SIZE                   
20000200  __STACK_TOP                    
0000073c  __TI_CINIT_Base                
00000744  __TI_CINIT_Limit               
00000734  __TI_Handler_Table_Base        
0000073c  __TI_Handler_Table_Limit       
00000501  __TI_auto_init                 
20000200  __TI_cleanup_ptr               
00000571  __TI_decompress_lzss           
000006f9  __TI_decompress_none           
20000204  __TI_dtors_ptr                 
20000208  __TI_enable_exit_profile_output
ffffffff  __TI_pprof_out_hndl            
ffffffff  __TI_prof_data_size            
ffffffff  __TI_prof_data_start           
00000000  __TI_static_base__             
00000465  __aeabi_memcpy                 
00000465  __aeabi_memcpy4                
00000465  __aeabi_memcpy8                
ffffffff  __binit__                      
ffffffff  __c_args__                     
0000071d  __mpu_init                     
20000000  __stack                        
000006cd  _args_main                     
000005d9  _c_int00                       
2000020c  _lock                          
000006f3  _nop                           
000006eb  _register_lock                 
000006e5  _register_unlock               
0000071f  _system_post_cinit             
00000719  _system_pre_init               
20000210  _unlock                        
00000631  abort                          
ffffffff  binit                          
00000681  copy_in                        
00000639  exit                           
00000000  g_pfnVectors                   
0000026d  main                           
20000214  main_func_sp                   
00000465  memcpy                         
00000277  sevenSeg                       


GLOBAL SYMBOLS: SORTED BY Symbol Address 

address   name                           
-------   ----                           
00000000  __TI_static_base__             
00000000  g_pfnVectors                   
00000200  __STACK_SIZE                   
0000026d  main                           
00000277  sevenSeg                       
00000465  __aeabi_memcpy                 
00000465  __aeabi_memcpy4                
00000465  __aeabi_memcpy8                
00000465  memcpy                         
00000501  __TI_auto_init                 
00000571  __TI_decompress_lzss           
000005d9  _c_int00                       
0000062d  C$$EXIT                        
00000631  abort                          
00000639  exit                           
00000681  copy_in                        
000006cd  _args_main                     
000006e5  _register_unlock               
000006eb  _register_lock                 
000006f3  _nop                           
000006f9  __TI_decompress_none           
00000707  ResetISR                       
00000713  GPIOPinWrite                   
00000719  _system_pre_init               
0000071d  __mpu_init                     
0000071f  _system_post_cinit             
00000734  __TI_Handler_Table_Base        
0000073c  __TI_CINIT_Base                
0000073c  __TI_Handler_Table_Limit       
00000744  __TI_CINIT_Limit               
20000000  __stack                        
20000200  __STACK_END                    
20000200  __STACK_TOP                    
20000200  __TI_cleanup_ptr               
20000204  __TI_dtors_ptr                 
20000208  __TI_enable_exit_profile_output
2000020c  _lock                          
20000210  _unlock                        
20000214  main_func_sp                   
ffffffff  __TI_pprof_out_hndl            
ffffffff  __TI_prof_data_size            
ffffffff  __TI_prof_data_start           
ffffffff  __binit__                      
ffffffff  __c_args__                     
ffffffff  binit                          
UNDEFED   SHT$$INIT_ARRAY$$Base          
UNDEFED   SHT$$INIT_ARRAY$$Limit         

[47 symbols]
